Traceback (most recent call last):
  File "src\ui\__init__.py", line 8, in <module>
    """
ModuleNotFoundError: No module named 'src.ui.main_window'

During handling of the above exception, another exception occurred:

Traceback (most recent call last):
  File "src\ui\__init__.py", line 33, in <module>
ImportError: main_window.py not found at C:\Users\bjjoh\OneDrive\Dokumenter\Programering\Hjemmelading\dist\VALKYRIE_BALLISTICS\_internal\src\ui\main_window.py

During handling of the above exception, another exception occurred:

Traceback (most recent call last):
  File "main.py", line 21, in <module>
    from src.logging_config import configure_logging, get_logger
    ^^^^^^^^^^^^^^^^^^^^^^^^^^^^^^^^^^^^^^^^^
  File "pyimod02_importers.py", line 457, in exec_module
  File "src\ui\__init__.py", line 36, in <module>
ImportError: Could not import MainWindow from ui package. Attempts:
src.ui.main_window: No module named 'src.ui.main_window'
ui.main_window: No module named 'ui'
main_window: No module named 'main_window'
file-fallback: main_window.py not found at C:\Users\bjjoh\OneDrive\Dokumenter\Programering\Hjemmelading\dist\VALKYRIE_BALLISTICS\_internal\src\ui\main_window.py
